let bool_impl : bool -> bool -> bool =
  fun (b1:bool) -> fun (b2:bool) -> match b1 with
                                      | True -> b2
                                      | False -> True
;;
