(* Generated Mon Apr 11 18:53:34 2016 *)
let bool_band : bool -> bool -> bool =
  fun (b1:bool) -> fun (b2:bool) -> match b1 with
                                      | True -> b2
                                      | False -> False
;;
