(* Generated Mon Apr 11 18:53:32 2016 *)
let bool_bor : bool -> bool -> bool =
  fun (b1:bool) -> fun (b2:bool) -> match b1 with
                                      | True -> True
                                      | False -> b2
;;
