(* Generated Mon Apr 11 18:53:34 2016 *)
let list_rev_snoc : list -> list =
  let rec f1 (l1:list) : list =
    match l1 with
      | Nil -> Nil
      | Cons (n1, l2) -> snoc (f1 l2) n1
  in
    f1
;;
