(* Generated Mon Apr 11 18:53:34 2016 *)
let list_concat : llist -> list =
  let rec f1 (l1:llist) : list =
    match l1 with
      | LNil -> Nil
      | LCons (l2, l3) -> append l2 (f1 l3)
  in
    f1
;;
