(* Generated Mon Apr 11 18:53:32 2016 *)
let list_pairwise_swap : list -> list =
  let rec f1 (l1:list) : list =
    match l1 with
      | Nil -> Nil
      | Cons (n1, l2) -> (match f1 l2 with
                            | Nil -> (match l2 with
                                        | Nil -> Nil
                                        | Cons (n2, l3) -> Cons (n2,
                                                             Cons (n1, f1 l3)))
                            | Cons (n2, l3) -> Nil)
  in
    f1
;;
