(* Generated Mon Apr 11 18:53:34 2016 *)
let list_stutter : list -> list =
  let rec f1 (l1:list) : list =
    match l1 with
      | Nil -> Nil
      | Cons (n1, l2) -> Cons (n1, Cons (n1, f1 l2))
  in
    f1
;;
