(* Generated Mon Apr 11 18:53:32 2016 *)
let nat_pred : nat -> nat =
  fun (n1:nat) -> match n1 with
                    | O -> O
                    | S (n2) -> n2
;;
