(* Generated Mon Apr 11 18:53:34 2016 *)
let tree_preorder : tree -> list =
  let rec f1 (t1:tree) : list =
    match t1 with
      | Leaf -> Nil
      | Node (t2, n1, t3) -> Cons (n1, append (f1 t2) (f1 t3))
  in
    f1
;;
